// Jest Snapshot v1, https://goo.gl/fbAQLP

exports[`should render nav 1`] = `
<div
  className="nav"
>
  <NavLink
    activeClassName="is-active"
    aria-current="page"
    exact={true}
    to="/"
  >
    Dashboard
  </NavLink>
  <NavLink
    activeClassName="is-active"
    aria-current="page"
    to="/add"
  >
    Add Course
  </NavLink>
  <NavLink
    activeClassName="is-active"
    aria-current="page"
    to="/addSchool"
  >
    Add School
  </NavLink>
  <NavLink
    activeClassName="is-active"
    aria-current="page"
    to="/preview"
  >
    Preview
  </NavLink>
</div>
`;
